## Summary

This documentation covers the `@supertokens-plugins/progressive-profiling-react` plugin that provides React components and TypeScript types for implementing progressive user profiling functionality with SuperTokens authentication, including form input mapping, setup page configuration, and profile data collection workflows.

## Keywords

- @supertokens-plugins/progressive-profiling-react
- SuperTokensPluginProfileProgressiveProfilingConfig
- FormInputComponentMap
- ProgressiveProfilingForm
- ProgressiveProfilingSetupPage
- ProgressiveProfilingWrapper
- ProfileFormData
- onSuccess callback
- setupPagePath
- requireSetup
- showStartSection
- showEndSection
- UserProfileWrapper
- FormFieldType
- BaseInput
- componentMap
- API_PATH
- PLUGIN_ID supertokens-plugin-progressive-profiling
- getProfile API
- getSections API
- updateProfile API
- defaultTranslationsProgressiveProfiling
- PL_PP translation keys
- usePluginContext hook
- progressive profiling workflow
- profile setup sections